// Jest Snapshot v1, https://goo.gl/fbAQLP

exports[`Tests loader component matches snapshot 1`] = `
<Component
  style={
    Object {
      "alignItems": "center",
      "flex": 1,
      "justifyContent": "center",
    }
  }
>
  <ActivityIndicator
    animating={true}
    color="#999999"
    hidesWhenStopped={true}
    size="large"
  />
</Component>
`;
